2026-05-05 07:55:26,707 [INFO] root: Инициализация Spotify...
2026-05-05 07:55:26,709 [INFO] spotipy.oauth2: User authentication requires interaction with your web browser. Once you enter your credentials and give authorization, you will be redirected to a url.  Paste that url you were directed to to complete the authorization.
2026-05-05 07:55:28,542 [INFO] spotipy.oauth2: Opened https://accounts.spotify.com/authorize?client_id=b588cbfd61914d5790dcdb8110b5ba1a&response_type=code&redirect_uri=http%3A%2F%2F127.0.0.1%3A8080%2Fcallback&scope=user-top-read+user-library-read+user-library-modify+playlist-modify-private+playlist-modify-public+playlist-read-private in your browser
2026-05-05 07:55:31,514 [INFO] root: Подключён как Maxim
2026-05-05 07:55:31,515 [WARNING] root: Дождись окончания текущей операции
2026-05-05 07:56:02,572 [INFO] root: Загружаю топ-50 (За всё время)...
2026-05-05 07:59:18,712 [INFO] root: Инициализация Spotify...
2026-05-05 07:59:18,998 [INFO] root: Подключён как Maxim
2026-05-05 07:59:18,998 [WARNING] root: Дождись окончания текущей операции
2026-05-05 07:59:22,609 [INFO] root: Загружаю топ-50 (За всё время)...
2026-05-05 07:59:30,879 [INFO] root: Лог сохранён: /Users/shipov/Documents/spotify_log_20260505_075928.txt
2026-05-05 07:59:30,885 [INFO] root: Получено 50 треков
2026-05-05 08:00:51,318 [INFO] root: Загружаю топ-100 (За всё время)...
2026-05-05 08:00:51,739 [INFO] root: Получено 100 треков
2026-05-05 08:02:18,135 [INFO] root: Инициализация Spotify...
2026-05-05 08:02:18,353 [INFO] root: Подключён как Maxim
2026-05-05 08:02:18,353 [WARNING] root: Дождись окончания текущей операции
2026-05-05 08:02:38,941 [INFO] root: Загружаю топ-50 (За всё время)...
2026-05-05 08:03:01,199 [INFO] root: Получено 50 треков
2026-05-05 08:03:38,506 [INFO] root: Добавляю 50 выбранных треков в библиотеку...
2026-05-05 08:03:38,589 [ERROR] spotipy.client: HTTP Error for GET to https://api.spotify.com/v1/me/library/contains with Params: {'uris': 'spotify:track:0GTrn6GSdGXkM4OkWpgFiX,spotify:track:2Xy2DWErXJ3Xrs4Q8zRpvN,spotify:track:2mNGL7mZILSqZHxGboJaO9,spotify:track:7sIgQwHk4uAyhDS7qHYAbt,spotify:track:43KbL6h5XYDoqhFKt30DUF,spotify:track:2KigDd9PB2omYuCjrJjf9M,spotify:track:7ii5mQoDnzSW28TORgAnd9,spotify:track:41TXadM22OIJY04xSW9iuv,spotify:track:6qSpVdadF8LGDCJviMtc5P,spotify:track:1a019wP7IdYLexwbmfZPm3,spotify:track:5pAu8jJbrgI24ZY9po1dwZ,spotify:track:50ZcLilqlb0osMdln4zsJX,spotify:track:3nG784YlxS4VQOF0qiHKVP,spotify:track:1KmHT8tuT7NkQT1WbEPAdN,spotify:track:4VeO4g51KNyV2Eqac8yKvV,spotify:track:4YmsnZcxHEGEqHB3K0vdt0,spotify:track:6IhvvoeZXfyD3Keg463zWK,spotify:track:1udBaOoqy9JTAG9EOEH2kA,spotify:track:2csdcu01j5XTOb9ZEkEQLA,spotify:track:7EObwl45V3uVCquCljGnLd,spotify:track:5CofsTopTvONYnUTYSHqaW,spotify:track:4cAPBai2AcHU3dFp7tGt3X,spotify:track:4ieEx0Tez5IeTbWmXh8YKv,spotify:track:57Z6TJCTMACXxdrcwZ3Zvf,spotify:track:3Ygb9jYG5TeibrrKJzCPmV,spotify:track:7ElMrcwLtwIWYZ0ctjXU19,spotify:track:7fzN9lz890zav0HERLvVKZ,spotify:track:1Fw1oMPeFnrHWKidKsT3Px,spotify:track:2dHHgzDwk4BJdRwy9uXhTO,spotify:track:2BcMwX1MPV6ZHP4tUT9uq6,spotify:track:3DuKbN9qiIPrCZNroBJ8vP,spotify:track:6EHAV31T9U2WCh0o3pPk6R,spotify:track:0yTz1anLhMqbWSrCxOpuQ7,spotify:track:3ft4RDIO4QF5ycDRc1X121,spotify:track:15eBz22D24vgAB7QmcfbKY,spotify:track:7aQZy2DzkqnbifZY5UfyfH,spotify:track:4LrAbuJ6HMpjWSUWHPpL44,spotify:track:3zkBOu2CEgyn9DMOt2W6fG,spotify:track:7N2SuJ9GaAnDDZ16zrr06O,spotify:track:1kkVNhvL5EKzOSmSsDG5Nl,spotify:track:7dTG5qNj3aMIZ0P2hDNzk2,spotify:track:66BqmfDc12RCRnycVrEJvO,spotify:track:13Z2JpNwN54a5WXacGYtLs,spotify:track:2xCYMXJ4nTWNYeLu1vezra,spotify:track:39Yp9wwQiSRIDOvrVg7mbk,spotify:track:4NVyCPbCkbmMEESIErpRXq,spotify:track:48BGsZPl5lq1tEU4iYuGS7,spotify:track:0RuWss3xFaECJGwPfl34kh,spotify:track:55xKnhQXgNIFYY7SttAs7o,spotify:track:15qrWkkYCfmtu1uRpGf48L'} returned 400 due to Too many uris requested
2026-05-05 08:03:38,590 [ERROR] root: Operation failed
Traceback (most recent call last):
  File "/Users/shipov/Developer/Shipify/.venv/lib/python3.12/site-packages/spotipy/client.py", line 271, in _internal_call
    response.raise_for_status()
  File "/Users/shipov/Developer/Shipify/.venv/lib/python3.12/site-packages/requests/models.py", line 1028, in raise_for_status
    raise HTTPError(http_error_msg, response=self)
requests.exceptions.HTTPError: 400 Client Error: Bad Request for url: https://api.spotify.com/v1/me/library/contains?uris=spotify%3Atrack%3A0GTrn6GSdGXkM4OkWpgFiX%2Cspotify%3Atrack%3A2Xy2DWErXJ3Xrs4Q8zRpvN%2Cspotify%3Atrack%3A2mNGL7mZILSqZHxGboJaO9%2Cspotify%3Atrack%3A7sIgQwHk4uAyhDS7qHYAbt%2Cspotify%3Atrack%3A43KbL6h5XYDoqhFKt30DUF%2Cspotify%3Atrack%3A2KigDd9PB2omYuCjrJjf9M%2Cspotify%3Atrack%3A7ii5mQoDnzSW28TORgAnd9%2Cspotify%3Atrack%3A41TXadM22OIJY04xSW9iuv%2Cspotify%3Atrack%3A6qSpVdadF8LGDCJviMtc5P%2Cspotify%3Atrack%3A1a019wP7IdYLexwbmfZPm3%2Cspotify%3Atrack%3A5pAu8jJbrgI24ZY9po1dwZ%2Cspotify%3Atrack%3A50ZcLilqlb0osMdln4zsJX%2Cspotify%3Atrack%3A3nG784YlxS4VQOF0qiHKVP%2Cspotify%3Atrack%3A1KmHT8tuT7NkQT1WbEPAdN%2Cspotify%3Atrack%3A4VeO4g51KNyV2Eqac8yKvV%2Cspotify%3Atrack%3A4YmsnZcxHEGEqHB3K0vdt0%2Cspotify%3Atrack%3A6IhvvoeZXfyD3Keg463zWK%2Cspotify%3Atrack%3A1udBaOoqy9JTAG9EOEH2kA%2Cspotify%3Atrack%3A2csdcu01j5XTOb9ZEkEQLA%2Cspotify%3Atrack%3A7EObwl45V3uVCquCljGnLd%2Cspotify%3Atrack%3A5CofsTopTvONYnUTYSHqaW%2Cspotify%3Atrack%3A4cAPBai2AcHU3dFp7tGt3X%2Cspotify%3Atrack%3A4ieEx0Tez5IeTbWmXh8YKv%2Cspotify%3Atrack%3A57Z6TJCTMACXxdrcwZ3Zvf%2Cspotify%3Atrack%3A3Ygb9jYG5TeibrrKJzCPmV%2Cspotify%3Atrack%3A7ElMrcwLtwIWYZ0ctjXU19%2Cspotify%3Atrack%3A7fzN9lz890zav0HERLvVKZ%2Cspotify%3Atrack%3A1Fw1oMPeFnrHWKidKsT3Px%2Cspotify%3Atrack%3A2dHHgzDwk4BJdRwy9uXhTO%2Cspotify%3Atrack%3A2BcMwX1MPV6ZHP4tUT9uq6%2Cspotify%3Atrack%3A3DuKbN9qiIPrCZNroBJ8vP%2Cspotify%3Atrack%3A6EHAV31T9U2WCh0o3pPk6R%2Cspotify%3Atrack%3A0yTz1anLhMqbWSrCxOpuQ7%2Cspotify%3Atrack%3A3ft4RDIO4QF5ycDRc1X121%2Cspotify%3Atrack%3A15eBz22D24vgAB7QmcfbKY%2Cspotify%3Atrack%3A7aQZy2DzkqnbifZY5UfyfH%2Cspotify%3Atrack%3A4LrAbuJ6HMpjWSUWHPpL44%2Cspotify%3Atrack%3A3zkBOu2CEgyn9DMOt2W6fG%2Cspotify%3Atrack%3A7N2SuJ9GaAnDDZ16zrr06O%2Cspotify%3Atrack%3A1kkVNhvL5EKzOSmSsDG5Nl%2Cspotify%3Atrack%3A7dTG5qNj3aMIZ0P2hDNzk2%2Cspotify%3Atrack%3A66BqmfDc12RCRnycVrEJvO%2Cspotify%3Atrack%3A13Z2JpNwN54a5WXacGYtLs%2Cspotify%3Atrack%3A2xCYMXJ4nTWNYeLu1vezra%2Cspotify%3Atrack%3A39Yp9wwQiSRIDOvrVg7mbk%2Cspotify%3Atrack%3A4NVyCPbCkbmMEESIErpRXq%2Cspotify%3Atrack%3A48BGsZPl5lq1tEU4iYuGS7%2Cspotify%3Atrack%3A0RuWss3xFaECJGwPfl34kh%2Cspotify%3Atrack%3A55xKnhQXgNIFYY7SttAs7o%2Cspotify%3Atrack%3A15qrWkkYCfmtu1uRpGf48L

During handling of the above exception, another exception occurred:

Traceback (most recent call last):
  File "/Users/shipov/Developer/Shipify/app.py", line 268, in worker
    result = target(*args)
             ^^^^^^^^^^^^^
  File "/Users/shipov/Developer/Shipify/app.py", line 397, in task
    return self._client.add_to_library(
           ^^^^^^^^^^^^^^^^^^^^^^^^^^^^
  File "/Users/shipov/Developer/Shipify/spotify_client.py", line 174, in add_to_library
    saved_map = self.saved_contains(track_ids)
                ^^^^^^^^^^^^^^^^^^^^^^^^^^^^^^
  File "/Users/shipov/Developer/Shipify/spotify_client.py", line 156, in saved_contains
    statuses = self._retry(self._sp.current_user_saved_tracks_contains, chunk)
               ^^^^^^^^^^^^^^^^^^^^^^^^^^^^^^^^^^^^^^^^^^^^^^^^^^^^^^^^^^^^^^^
  File "/Users/shipov/Developer/Shipify/spotify_client.py", line 84, in _retry
    return func(*args, **kwargs)
           ^^^^^^^^^^^^^^^^^^^^^
  File "/Users/shipov/Developer/Shipify/.venv/lib/python3.12/site-packages/spotipy/client.py", line 1474, in current_user_saved_tracks_contains
    return self._get("me/library/contains", uris=",".join(tlist))
           ^^^^^^^^^^^^^^^^^^^^^^^^^^^^^^^^^^^^^^^^^^^^^^^^^^^^^^
  File "/Users/shipov/Developer/Shipify/.venv/lib/python3.12/site-packages/spotipy/client.py", line 321, in _get
    return self._internal_call("GET", url, payload, kwargs)
           ^^^^^^^^^^^^^^^^^^^^^^^^^^^^^^^^^^^^^^^^^^^^^^^^
  File "/Users/shipov/Developer/Shipify/.venv/lib/python3.12/site-packages/spotipy/client.py", line 291, in _internal_call
    raise SpotifyException(
spotipy.exceptions.SpotifyException: http status: 400, code: -1 - https://api.spotify.com/v1/me/library/contains?uris=spotify%3Atrack%3A0GTrn6GSdGXkM4OkWpgFiX%2Cspotify%3Atrack%3A2Xy2DWErXJ3Xrs4Q8zRpvN%2Cspotify%3Atrack%3A2mNGL7mZILSqZHxGboJaO9%2Cspotify%3Atrack%3A7sIgQwHk4uAyhDS7qHYAbt%2Cspotify%3Atrack%3A43KbL6h5XYDoqhFKt30DUF%2Cspotify%3Atrack%3A2KigDd9PB2omYuCjrJjf9M%2Cspotify%3Atrack%3A7ii5mQoDnzSW28TORgAnd9%2Cspotify%3Atrack%3A41TXadM22OIJY04xSW9iuv%2Cspotify%3Atrack%3A6qSpVdadF8LGDCJviMtc5P%2Cspotify%3Atrack%3A1a019wP7IdYLexwbmfZPm3%2Cspotify%3Atrack%3A5pAu8jJbrgI24ZY9po1dwZ%2Cspotify%3Atrack%3A50ZcLilqlb0osMdln4zsJX%2Cspotify%3Atrack%3A3nG784YlxS4VQOF0qiHKVP%2Cspotify%3Atrack%3A1KmHT8tuT7NkQT1WbEPAdN%2Cspotify%3Atrack%3A4VeO4g51KNyV2Eqac8yKvV%2Cspotify%3Atrack%3A4YmsnZcxHEGEqHB3K0vdt0%2Cspotify%3Atrack%3A6IhvvoeZXfyD3Keg463zWK%2Cspotify%3Atrack%3A1udBaOoqy9JTAG9EOEH2kA%2Cspotify%3Atrack%3A2csdcu01j5XTOb9ZEkEQLA%2Cspotify%3Atrack%3A7EObwl45V3uVCquCljGnLd%2Cspotify%3Atrack%3A5CofsTopTvONYnUTYSHqaW%2Cspotify%3Atrack%3A4cAPBai2AcHU3dFp7tGt3X%2Cspotify%3Atrack%3A4ieEx0Tez5IeTbWmXh8YKv%2Cspotify%3Atrack%3A57Z6TJCTMACXxdrcwZ3Zvf%2Cspotify%3Atrack%3A3Ygb9jYG5TeibrrKJzCPmV%2Cspotify%3Atrack%3A7ElMrcwLtwIWYZ0ctjXU19%2Cspotify%3Atrack%3A7fzN9lz890zav0HERLvVKZ%2Cspotify%3Atrack%3A1Fw1oMPeFnrHWKidKsT3Px%2Cspotify%3Atrack%3A2dHHgzDwk4BJdRwy9uXhTO%2Cspotify%3Atrack%3A2BcMwX1MPV6ZHP4tUT9uq6%2Cspotify%3Atrack%3A3DuKbN9qiIPrCZNroBJ8vP%2Cspotify%3Atrack%3A6EHAV31T9U2WCh0o3pPk6R%2Cspotify%3Atrack%3A0yTz1anLhMqbWSrCxOpuQ7%2Cspotify%3Atrack%3A3ft4RDIO4QF5ycDRc1X121%2Cspotify%3Atrack%3A15eBz22D24vgAB7QmcfbKY%2Cspotify%3Atrack%3A7aQZy2DzkqnbifZY5UfyfH%2Cspotify%3Atrack%3A4LrAbuJ6HMpjWSUWHPpL44%2Cspotify%3Atrack%3A3zkBOu2CEgyn9DMOt2W6fG%2Cspotify%3Atrack%3A7N2SuJ9GaAnDDZ16zrr06O%2Cspotify%3Atrack%3A1kkVNhvL5EKzOSmSsDG5Nl%2Cspotify%3Atrack%3A7dTG5qNj3aMIZ0P2hDNzk2%2Cspotify%3Atrack%3A66BqmfDc12RCRnycVrEJvO%2Cspotify%3Atrack%3A13Z2JpNwN54a5WXacGYtLs%2Cspotify%3Atrack%3A2xCYMXJ4nTWNYeLu1vezra%2Cspotify%3Atrack%3A39Yp9wwQiSRIDOvrVg7mbk%2Cspotify%3Atrack%3A4NVyCPbCkbmMEESIErpRXq%2Cspotify%3Atrack%3A48BGsZPl5lq1tEU4iYuGS7%2Cspotify%3Atrack%3A0RuWss3xFaECJGwPfl34kh%2Cspotify%3Atrack%3A55xKnhQXgNIFYY7SttAs7o%2Cspotify%3Atrack%3A15qrWkkYCfmtu1uRpGf48L:
 Too many uris requested, reason: None
2026-05-05 08:13:04,337 [INFO] root: Инициализация Spotify...
2026-05-05 08:13:04,707 [INFO] root: Подключён как Maxim
2026-05-05 08:13:04,707 [WARNING] root: Дождись окончания текущей операции
2026-05-05 08:13:07,863 [INFO] root: Загружаю топ-50 (За всё время)...
2026-05-05 08:13:08,078 [INFO] root: Получено 50 треков
2026-05-05 08:14:09,676 [INFO] root: Добавляю 50 выбранных треков в библиотеку...
2026-05-05 08:14:09,760 [ERROR] spotipy.client: HTTP Error for GET to https://api.spotify.com/v1/me/library/contains with Params: {'uris': 'spotify:track:0GTrn6GSdGXkM4OkWpgFiX,spotify:track:2Xy2DWErXJ3Xrs4Q8zRpvN,spotify:track:2mNGL7mZILSqZHxGboJaO9,spotify:track:7sIgQwHk4uAyhDS7qHYAbt,spotify:track:43KbL6h5XYDoqhFKt30DUF,spotify:track:2KigDd9PB2omYuCjrJjf9M,spotify:track:7ii5mQoDnzSW28TORgAnd9,spotify:track:41TXadM22OIJY04xSW9iuv,spotify:track:6qSpVdadF8LGDCJviMtc5P,spotify:track:1a019wP7IdYLexwbmfZPm3,spotify:track:5pAu8jJbrgI24ZY9po1dwZ,spotify:track:50ZcLilqlb0osMdln4zsJX,spotify:track:3nG784YlxS4VQOF0qiHKVP,spotify:track:1KmHT8tuT7NkQT1WbEPAdN,spotify:track:4VeO4g51KNyV2Eqac8yKvV,spotify:track:4YmsnZcxHEGEqHB3K0vdt0,spotify:track:6IhvvoeZXfyD3Keg463zWK,spotify:track:1udBaOoqy9JTAG9EOEH2kA,spotify:track:2csdcu01j5XTOb9ZEkEQLA,spotify:track:7EObwl45V3uVCquCljGnLd,spotify:track:5CofsTopTvONYnUTYSHqaW,spotify:track:4cAPBai2AcHU3dFp7tGt3X,spotify:track:4ieEx0Tez5IeTbWmXh8YKv,spotify:track:57Z6TJCTMACXxdrcwZ3Zvf,spotify:track:3Ygb9jYG5TeibrrKJzCPmV,spotify:track:7ElMrcwLtwIWYZ0ctjXU19,spotify:track:7fzN9lz890zav0HERLvVKZ,spotify:track:1Fw1oMPeFnrHWKidKsT3Px,spotify:track:2dHHgzDwk4BJdRwy9uXhTO,spotify:track:2BcMwX1MPV6ZHP4tUT9uq6,spotify:track:3DuKbN9qiIPrCZNroBJ8vP,spotify:track:6EHAV31T9U2WCh0o3pPk6R,spotify:track:0yTz1anLhMqbWSrCxOpuQ7,spotify:track:3ft4RDIO4QF5ycDRc1X121,spotify:track:15eBz22D24vgAB7QmcfbKY,spotify:track:7aQZy2DzkqnbifZY5UfyfH,spotify:track:4LrAbuJ6HMpjWSUWHPpL44,spotify:track:3zkBOu2CEgyn9DMOt2W6fG,spotify:track:7N2SuJ9GaAnDDZ16zrr06O,spotify:track:1kkVNhvL5EKzOSmSsDG5Nl,spotify:track:7dTG5qNj3aMIZ0P2hDNzk2,spotify:track:66BqmfDc12RCRnycVrEJvO,spotify:track:13Z2JpNwN54a5WXacGYtLs,spotify:track:2xCYMXJ4nTWNYeLu1vezra,spotify:track:39Yp9wwQiSRIDOvrVg7mbk,spotify:track:4NVyCPbCkbmMEESIErpRXq,spotify:track:48BGsZPl5lq1tEU4iYuGS7,spotify:track:0RuWss3xFaECJGwPfl34kh,spotify:track:55xKnhQXgNIFYY7SttAs7o,spotify:track:15qrWkkYCfmtu1uRpGf48L'} returned 400 due to Too many uris requested
2026-05-05 08:14:09,760 [ERROR] root: Operation failed
Traceback (most recent call last):
  File "/Users/shipov/Developer/Shipify/.venv/lib/python3.12/site-packages/spotipy/client.py", line 271, in _internal_call
    response.raise_for_status()
  File "/Users/shipov/Developer/Shipify/.venv/lib/python3.12/site-packages/requests/models.py", line 1028, in raise_for_status
    raise HTTPError(http_error_msg, response=self)
requests.exceptions.HTTPError: 400 Client Error: Bad Request for url: https://api.spotify.com/v1/me/library/contains?uris=spotify%3Atrack%3A0GTrn6GSdGXkM4OkWpgFiX%2Cspotify%3Atrack%3A2Xy2DWErXJ3Xrs4Q8zRpvN%2Cspotify%3Atrack%3A2mNGL7mZILSqZHxGboJaO9%2Cspotify%3Atrack%3A7sIgQwHk4uAyhDS7qHYAbt%2Cspotify%3Atrack%3A43KbL6h5XYDoqhFKt30DUF%2Cspotify%3Atrack%3A2KigDd9PB2omYuCjrJjf9M%2Cspotify%3Atrack%3A7ii5mQoDnzSW28TORgAnd9%2Cspotify%3Atrack%3A41TXadM22OIJY04xSW9iuv%2Cspotify%3Atrack%3A6qSpVdadF8LGDCJviMtc5P%2Cspotify%3Atrack%3A1a019wP7IdYLexwbmfZPm3%2Cspotify%3Atrack%3A5pAu8jJbrgI24ZY9po1dwZ%2Cspotify%3Atrack%3A50ZcLilqlb0osMdln4zsJX%2Cspotify%3Atrack%3A3nG784YlxS4VQOF0qiHKVP%2Cspotify%3Atrack%3A1KmHT8tuT7NkQT1WbEPAdN%2Cspotify%3Atrack%3A4VeO4g51KNyV2Eqac8yKvV%2Cspotify%3Atrack%3A4YmsnZcxHEGEqHB3K0vdt0%2Cspotify%3Atrack%3A6IhvvoeZXfyD3Keg463zWK%2Cspotify%3Atrack%3A1udBaOoqy9JTAG9EOEH2kA%2Cspotify%3Atrack%3A2csdcu01j5XTOb9ZEkEQLA%2Cspotify%3Atrack%3A7EObwl45V3uVCquCljGnLd%2Cspotify%3Atrack%3A5CofsTopTvONYnUTYSHqaW%2Cspotify%3Atrack%3A4cAPBai2AcHU3dFp7tGt3X%2Cspotify%3Atrack%3A4ieEx0Tez5IeTbWmXh8YKv%2Cspotify%3Atrack%3A57Z6TJCTMACXxdrcwZ3Zvf%2Cspotify%3Atrack%3A3Ygb9jYG5TeibrrKJzCPmV%2Cspotify%3Atrack%3A7ElMrcwLtwIWYZ0ctjXU19%2Cspotify%3Atrack%3A7fzN9lz890zav0HERLvVKZ%2Cspotify%3Atrack%3A1Fw1oMPeFnrHWKidKsT3Px%2Cspotify%3Atrack%3A2dHHgzDwk4BJdRwy9uXhTO%2Cspotify%3Atrack%3A2BcMwX1MPV6ZHP4tUT9uq6%2Cspotify%3Atrack%3A3DuKbN9qiIPrCZNroBJ8vP%2Cspotify%3Atrack%3A6EHAV31T9U2WCh0o3pPk6R%2Cspotify%3Atrack%3A0yTz1anLhMqbWSrCxOpuQ7%2Cspotify%3Atrack%3A3ft4RDIO4QF5ycDRc1X121%2Cspotify%3Atrack%3A15eBz22D24vgAB7QmcfbKY%2Cspotify%3Atrack%3A7aQZy2DzkqnbifZY5UfyfH%2Cspotify%3Atrack%3A4LrAbuJ6HMpjWSUWHPpL44%2Cspotify%3Atrack%3A3zkBOu2CEgyn9DMOt2W6fG%2Cspotify%3Atrack%3A7N2SuJ9GaAnDDZ16zrr06O%2Cspotify%3Atrack%3A1kkVNhvL5EKzOSmSsDG5Nl%2Cspotify%3Atrack%3A7dTG5qNj3aMIZ0P2hDNzk2%2Cspotify%3Atrack%3A66BqmfDc12RCRnycVrEJvO%2Cspotify%3Atrack%3A13Z2JpNwN54a5WXacGYtLs%2Cspotify%3Atrack%3A2xCYMXJ4nTWNYeLu1vezra%2Cspotify%3Atrack%3A39Yp9wwQiSRIDOvrVg7mbk%2Cspotify%3Atrack%3A4NVyCPbCkbmMEESIErpRXq%2Cspotify%3Atrack%3A48BGsZPl5lq1tEU4iYuGS7%2Cspotify%3Atrack%3A0RuWss3xFaECJGwPfl34kh%2Cspotify%3Atrack%3A55xKnhQXgNIFYY7SttAs7o%2Cspotify%3Atrack%3A15qrWkkYCfmtu1uRpGf48L

During handling of the above exception, another exception occurred:

Traceback (most recent call last):
  File "/Users/shipov/Developer/Shipify/app.py", line 260, in worker
    result = target(*args)
             ^^^^^^^^^^^^^
  File "/Users/shipov/Developer/Shipify/app.py", line 400, in task
    return client.add_to_library(track_ids, progress=self._update_progress)
           ^^^^^^^^^^^^^^^^^^^^^^^^^^^^^^^^^^^^^^^^^^^^^^^^^^^^^^^^^^^^^^^^
  File "/Users/shipov/Developer/Shipify/spotify_client.py", line 174, in add_to_library
    saved_map = self.saved_contains(track_ids)
                ^^^^^^^^^^^^^^^^^^^^^^^^^^^^^^
  File "/Users/shipov/Developer/Shipify/spotify_client.py", line 156, in saved_contains
    statuses = self._retry(self._sp.current_user_saved_tracks_contains, chunk)
               ^^^^^^^^^^^^^^^^^^^^^^^^^^^^^^^^^^^^^^^^^^^^^^^^^^^^^^^^^^^^^^^
  File "/Users/shipov/Developer/Shipify/spotify_client.py", line 84, in _retry
    return func(*args, **kwargs)
           ^^^^^^^^^^^^^^^^^^^^^
  File "/Users/shipov/Developer/Shipify/.venv/lib/python3.12/site-packages/spotipy/client.py", line 1474, in current_user_saved_tracks_contains
    return self._get("me/library/contains", uris=",".join(tlist))
           ^^^^^^^^^^^^^^^^^^^^^^^^^^^^^^^^^^^^^^^^^^^^^^^^^^^^^^
  File "/Users/shipov/Developer/Shipify/.venv/lib/python3.12/site-packages/spotipy/client.py", line 321, in _get
    return self._internal_call("GET", url, payload, kwargs)
           ^^^^^^^^^^^^^^^^^^^^^^^^^^^^^^^^^^^^^^^^^^^^^^^^
  File "/Users/shipov/Developer/Shipify/.venv/lib/python3.12/site-packages/spotipy/client.py", line 291, in _internal_call
    raise SpotifyException(
spotipy.exceptions.SpotifyException: http status: 400, code: -1 - https://api.spotify.com/v1/me/library/contains?uris=spotify%3Atrack%3A0GTrn6GSdGXkM4OkWpgFiX%2Cspotify%3Atrack%3A2Xy2DWErXJ3Xrs4Q8zRpvN%2Cspotify%3Atrack%3A2mNGL7mZILSqZHxGboJaO9%2Cspotify%3Atrack%3A7sIgQwHk4uAyhDS7qHYAbt%2Cspotify%3Atrack%3A43KbL6h5XYDoqhFKt30DUF%2Cspotify%3Atrack%3A2KigDd9PB2omYuCjrJjf9M%2Cspotify%3Atrack%3A7ii5mQoDnzSW28TORgAnd9%2Cspotify%3Atrack%3A41TXadM22OIJY04xSW9iuv%2Cspotify%3Atrack%3A6qSpVdadF8LGDCJviMtc5P%2Cspotify%3Atrack%3A1a019wP7IdYLexwbmfZPm3%2Cspotify%3Atrack%3A5pAu8jJbrgI24ZY9po1dwZ%2Cspotify%3Atrack%3A50ZcLilqlb0osMdln4zsJX%2Cspotify%3Atrack%3A3nG784YlxS4VQOF0qiHKVP%2Cspotify%3Atrack%3A1KmHT8tuT7NkQT1WbEPAdN%2Cspotify%3Atrack%3A4VeO4g51KNyV2Eqac8yKvV%2Cspotify%3Atrack%3A4YmsnZcxHEGEqHB3K0vdt0%2Cspotify%3Atrack%3A6IhvvoeZXfyD3Keg463zWK%2Cspotify%3Atrack%3A1udBaOoqy9JTAG9EOEH2kA%2Cspotify%3Atrack%3A2csdcu01j5XTOb9ZEkEQLA%2Cspotify%3Atrack%3A7EObwl45V3uVCquCljGnLd%2Cspotify%3Atrack%3A5CofsTopTvONYnUTYSHqaW%2Cspotify%3Atrack%3A4cAPBai2AcHU3dFp7tGt3X%2Cspotify%3Atrack%3A4ieEx0Tez5IeTbWmXh8YKv%2Cspotify%3Atrack%3A57Z6TJCTMACXxdrcwZ3Zvf%2Cspotify%3Atrack%3A3Ygb9jYG5TeibrrKJzCPmV%2Cspotify%3Atrack%3A7ElMrcwLtwIWYZ0ctjXU19%2Cspotify%3Atrack%3A7fzN9lz890zav0HERLvVKZ%2Cspotify%3Atrack%3A1Fw1oMPeFnrHWKidKsT3Px%2Cspotify%3Atrack%3A2dHHgzDwk4BJdRwy9uXhTO%2Cspotify%3Atrack%3A2BcMwX1MPV6ZHP4tUT9uq6%2Cspotify%3Atrack%3A3DuKbN9qiIPrCZNroBJ8vP%2Cspotify%3Atrack%3A6EHAV31T9U2WCh0o3pPk6R%2Cspotify%3Atrack%3A0yTz1anLhMqbWSrCxOpuQ7%2Cspotify%3Atrack%3A3ft4RDIO4QF5ycDRc1X121%2Cspotify%3Atrack%3A15eBz22D24vgAB7QmcfbKY%2Cspotify%3Atrack%3A7aQZy2DzkqnbifZY5UfyfH%2Cspotify%3Atrack%3A4LrAbuJ6HMpjWSUWHPpL44%2Cspotify%3Atrack%3A3zkBOu2CEgyn9DMOt2W6fG%2Cspotify%3Atrack%3A7N2SuJ9GaAnDDZ16zrr06O%2Cspotify%3Atrack%3A1kkVNhvL5EKzOSmSsDG5Nl%2Cspotify%3Atrack%3A7dTG5qNj3aMIZ0P2hDNzk2%2Cspotify%3Atrack%3A66BqmfDc12RCRnycVrEJvO%2Cspotify%3Atrack%3A13Z2JpNwN54a5WXacGYtLs%2Cspotify%3Atrack%3A2xCYMXJ4nTWNYeLu1vezra%2Cspotify%3Atrack%3A39Yp9wwQiSRIDOvrVg7mbk%2Cspotify%3Atrack%3A4NVyCPbCkbmMEESIErpRXq%2Cspotify%3Atrack%3A48BGsZPl5lq1tEU4iYuGS7%2Cspotify%3Atrack%3A0RuWss3xFaECJGwPfl34kh%2Cspotify%3Atrack%3A55xKnhQXgNIFYY7SttAs7o%2Cspotify%3Atrack%3A15qrWkkYCfmtu1uRpGf48L:
 Too many uris requested, reason: None
2026-05-05 08:14:09,780 [ERROR] root: Ошибка: http status: 400, code: -1 - https://api.spotify.com/v1/me/library/contains?uris=spotify%3Atrack%3A0GTrn6GSdGXkM4OkWpgFiX%2Cspotify%3Atrack%3A2Xy2DWErXJ3Xrs4Q8zRpvN%2Cspotify%3Atrack%3A2mNGL7mZILSqZHxGboJaO9%2Cspotify%3Atrack%3A7sIgQwHk4uAyhDS7qHYAbt%2Cspotify%3Atrack%3A43KbL6h5XYDoqhFKt30DUF%2Cspotify%3Atrack%3A2KigDd9PB2omYuCjrJjf9M%2Cspotify%3Atrack%3A7ii5mQoDnzSW28TORgAnd9%2Cspotify%3Atrack%3A41TXadM22OIJY04xSW9iuv%2Cspotify%3Atrack%3A6qSpVdadF8LGDCJviMtc5P%2Cspotify%3Atrack%3A1a019wP7IdYLexwbmfZPm3%2Cspotify%3Atrack%3A5pAu8jJbrgI24ZY9po1dwZ%2Cspotify%3Atrack%3A50ZcLilqlb0osMdln4zsJX%2Cspotify%3Atrack%3A3nG784YlxS4VQOF0qiHKVP%2Cspotify%3Atrack%3A1KmHT8tuT7NkQT1WbEPAdN%2Cspotify%3Atrack%3A4VeO4g51KNyV2Eqac8yKvV%2Cspotify%3Atrack%3A4YmsnZcxHEGEqHB3K0vdt0%2Cspotify%3Atrack%3A6IhvvoeZXfyD3Keg463zWK%2Cspotify%3Atrack%3A1udBaOoqy9JTAG9EOEH2kA%2Cspotify%3Atrack%3A2csdcu01j5XTOb9ZEkEQLA%2Cspotify%3Atrack%3A7EObwl45V3uVCquCljGnLd%2Cspotify%3Atrack%3A5CofsTopTvONYnUTYSHqaW%2Cspotify%3Atrack%3A4cAPBai2AcHU3dFp7tGt3X%2Cspotify%3Atrack%3A4ieEx0Tez5IeTbWmXh8YKv%2Cspotify%3Atrack%3A57Z6TJCTMACXxdrcwZ3Zvf%2Cspotify%3Atrack%3A3Ygb9jYG5TeibrrKJzCPmV%2Cspotify%3Atrack%3A7ElMrcwLtwIWYZ0ctjXU19%2Cspotify%3Atrack%3A7fzN9lz890zav0HERLvVKZ%2Cspotify%3Atrack%3A1Fw1oMPeFnrHWKidKsT3Px%2Cspotify%3Atrack%3A2dHHgzDwk4BJdRwy9uXhTO%2Cspotify%3Atrack%3A2BcMwX1MPV6ZHP4tUT9uq6%2Cspotify%3Atrack%3A3DuKbN9qiIPrCZNroBJ8vP%2Cspotify%3Atrack%3A6EHAV31T9U2WCh0o3pPk6R%2Cspotify%3Atrack%3A0yTz1anLhMqbWSrCxOpuQ7%2Cspotify%3Atrack%3A3ft4RDIO4QF5ycDRc1X121%2Cspotify%3Atrack%3A15eBz22D24vgAB7QmcfbKY%2Cspotify%3Atrack%3A7aQZy2DzkqnbifZY5UfyfH%2Cspotify%3Atrack%3A4LrAbuJ6HMpjWSUWHPpL44%2Cspotify%3Atrack%3A3zkBOu2CEgyn9DMOt2W6fG%2Cspotify%3Atrack%3A7N2SuJ9GaAnDDZ16zrr06O%2Cspotify%3Atrack%3A1kkVNhvL5EKzOSmSsDG5Nl%2Cspotify%3Atrack%3A7dTG5qNj3aMIZ0P2hDNzk2%2Cspotify%3Atrack%3A66BqmfDc12RCRnycVrEJvO%2Cspotify%3Atrack%3A13Z2JpNwN54a5WXacGYtLs%2Cspotify%3Atrack%3A2xCYMXJ4nTWNYeLu1vezra%2Cspotify%3Atrack%3A39Yp9wwQiSRIDOvrVg7mbk%2Cspotify%3Atrack%3A4NVyCPbCkbmMEESIErpRXq%2Cspotify%3Atrack%3A48BGsZPl5lq1tEU4iYuGS7%2Cspotify%3Atrack%3A0RuWss3xFaECJGwPfl34kh%2Cspotify%3Atrack%3A55xKnhQXgNIFYY7SttAs7o%2Cspotify%3Atrack%3A15qrWkkYCfmtu1uRpGf48L:
 Too many uris requested, reason: None
2026-05-05 08:14:29,877 [INFO] root: Лог сохранён: /Users/shipov/Downloads/spotify_log_20260505_081422.txt
2026-05-05 08:16:20,184 [INFO] root: Инициализация Spotify...
2026-05-05 08:16:20,440 [INFO] root: Подключён как Maxim
2026-05-05 08:16:20,440 [WARNING] root: Дождись окончания текущей операции
2026-05-05 08:16:25,626 [INFO] root: Загружаю топ-50 (За всё время)...
2026-05-05 08:16:37,155 [INFO] root: Получено 50 треков
2026-05-05 08:17:15,905 [INFO] root: Добавляю 50 выбранных треков в библиотеку...
2026-05-05 08:17:16,676 [INFO] root: Готово! Добавлено: 28, уже было: 22, ошибок: 0
